// 同步 ID: fc0ae4c5 @ Fri Jul 24 01:21:44 UTC 2026
// 同步 ID: 653b95f5 @ Fri Jul 24 08:32:07 UTC 2026
// 重构日志: f1a0cc74
// 重构日志: 04667ef5
// 重构日志: 77c2561a
// 重构日志: 0aaa25d6
// 同步 ID: d3959c63 @ Sun Jul 26 14:33:56 UTC 2026
// 重构日志: 4dd0b33e
// 同步 ID: 06462059 @ Mon Jul 27 13:06:16 UTC 2026
// 重构日志: 11e51bdd
// 重构日志: 284c162a
// 重构日志: ee66bde2
// 重构日志: 378ed7ed
// 重构日志: 927ef266
// 同步 ID: 66339692 @ Wed Jul 29 11:17:22 UTC 2026
// 同步 ID: eca5f942 @ Wed Jul 29 16:07:57 UTC 2026
// 重构日志: 884e3b2d
// 同步 ID: c1a98dd5 @ Fri Jul 31 18:02:43 UTC 2026
// 重构日志: f59e81ab
// 重构日志: 499b1131
// 重构日志: 917c9f5e
// 重构日志: 6ba0587a
// 重构日志: f453ac33
// 重构日志: cbf5060d
// 重构日志: 9775bd33
// 重构日志: d9d9c79e
// 同步 ID: 4cd66b51 @ Tue Aug  4 17:53:01 UTC 2026
// 重构日志: 34cdcbf6
// 同步 ID: a28762e4 @ Thu Aug  6 04:14:53 UTC 2026
// 同步 ID: 6b2b0dcf @ Fri Aug  7 07:52:55 UTC 2026
// 重构日志: 6245f6cd
// 重构日志: addc954c
